// Jest Snapshot v1, https://goo.gl/fbAQLP

exports[`<SearchCustomers /> renders correctly 1`] = `
<div
  className="container"
>
  <div
    className="row"
  >
    <h1
      class="margin-30"
    >
      Search Customers
    </h1>
  </div>
  <form
    className=""
  >
    <div
      className="cwig-card container"
    >
      <div
        className="row"
      >
        <div
          className="col-md-4"
        >
          <label
            className="form-label"
          >
            First Name
          </label>
          <input
            name="firstName"
            onBlur={[Function]}
            onChange={[Function]}
            placeholder="First Name"
            value=""
          />
        </div>
        <div
          className="col-md-4"
        >
          <label
            className="form-label"
          >
            Last Name
          </label>
          <input
            name="lastName"
            onBlur={[Function]}
            onChange={[Function]}
            placeholder="Last Name"
            value=""
          />
        </div>
        <div
          className="col-md-4"
        >
          <label
            className="form-label"
          >
            Email
          </label>
          <input
            name="email"
            onBlur={[Function]}
            onChange={[Function]}
            placeholder="Email"
            value=""
          />
        </div>
      </div>
      <div
        className="row"
      >
        <div
          className="col-md-4"
        >
          <label
            className="form-label"
          >
            Organization
          </label>
          <input
            name="organization"
            onBlur={[Function]}
            onChange={[Function]}
            placeholder="Organization"
            value=""
          />
        </div>
        <div
          className="col-md-4"
        >
          <label
            className="form-label"
          >
            State
          </label>
          <select
            name="state"
            onBlur={[Function]}
            onChange={[Function]}
            value=""
          >
            <option
              value={1}
            >
              Alabama
            </option>
            <option
              value={2}
            >
              Alaska
            </option>
            <option
              value={3}
            >
              American Samoa
            </option>
            <option
              value={4}
            >
              Arizona
            </option>
            <option
              value={5}
            >
              Arkansas
            </option>
            <option
              value={6}
            >
              California
            </option>
            <option
              value={7}
            >
              Colorado
            </option>
            <option
              value={8}
            >
              Connecticut
            </option>
            <option
              value={9}
            >
              Delaware
            </option>
            <option
              value={10}
            >
              District of Columbia
            </option>
            <option
              value={11}
            >
              Florida
            </option>
            <option
              value={12}
            >
              Georgia
            </option>
            <option
              value={13}
            >
              Guam
            </option>
            <option
              value={14}
            >
              Hawaii
            </option>
            <option
              value={15}
            >
              Idaho
            </option>
            <option
              value={16}
            >
              Illinois
            </option>
            <option
              value={17}
            >
              Indiana
            </option>
            <option
              value={18}
            >
              Iowa
            </option>
            <option
              value={19}
            >
              Kansas
            </option>
            <option
              value={20}
            >
              Kentucky
            </option>
            <option
              value={21}
            >
              Louisiana
            </option>
            <option
              value={22}
            >
              Maine
            </option>
            <option
              value={23}
            >
              Marshall Islands
            </option>
            <option
              value={24}
            >
              Maryland
            </option>
            <option
              value={25}
            >
              Massachusetts
            </option>
            <option
              value={26}
            >
              Michigan
            </option>
            <option
              value={27}
            >
              Minnesota
            </option>
            <option
              value={28}
            >
              Mississippi
            </option>
            <option
              value={29}
            >
              Missouri
            </option>
            <option
              value={30}
            >
              Montana
            </option>
            <option
              value={31}
            >
              Nebraska
            </option>
            <option
              value={32}
            >
              Nevada
            </option>
            <option
              value={33}
            >
              New Hampshire
            </option>
            <option
              value={34}
            >
              New Jersey
            </option>
            <option
              value={35}
            >
              New Mexico
            </option>
            <option
              value={36}
            >
              New York
            </option>
            <option
              value={37}
            >
              North Carolina
            </option>
            <option
              value={38}
            >
              North Dakota
            </option>
            <option
              value={39}
            >
              Northern Mariana Islands
            </option>
            <option
              value={40}
            >
              Ohio
            </option>
            <option
              value={41}
            >
              Oklahoma
            </option>
            <option
              value={42}
            >
              Oregon
            </option>
            <option
              value={43}
            >
              Palau
            </option>
            <option
              value={44}
            >
              Pennsylvania
            </option>
            <option
              value={45}
            >
              Puerto Rico
            </option>
            <option
              value={46}
            >
              Rhode Island
            </option>
            <option
              value={47}
            >
              South Carolina
            </option>
            <option
              value={48}
            >
              South Dakota
            </option>
            <option
              value={49}
            >
              Tennessee
            </option>
            <option
              value={50}
            >
              Texas
            </option>
            <option
              value={51}
            >
              Utah
            </option>
            <option
              value={52}
            >
              Vermont
            </option>
            <option
              value={53}
            >
              Virgin Islands
            </option>
            <option
              value={54}
            >
              Virginia
            </option>
            <option
              value={55}
            >
              Washington
            </option>
            <option
              value={56}
            >
              West Virginia
            </option>
            <option
              value={57}
            >
              Wisconsin
            </option>
            <option
              value={58}
            >
              Wyoming
            </option>
          </select>
        </div>
        <div
          className="col-md-4"
        >
          <label
            className="form-label"
          >
            Phone Number
          </label>
          <input
            name="phone"
            onBlur={[Function]}
            onChange={[Function]}
            placeholder="Phone Number"
            value=""
          />
        </div>
      </div>
      <div
        className="row"
      >
        <button
          className="search btn btn-primary"
          disabled={false}
          onClick={[Function]}
          type="button"
        >
          Search
        </button>
      </div>
    </div>
  </form>
</div>
`;
