// Jest Snapshot v1, https://goo.gl/fbAQLP

exports[`<SearchOrders /> renders correctly 1`] = `
<div
  className="container"
>
  <div
    className="row"
  >
    <h1>
      Search Orders
    </h1>
  </div>
  <form
    className=""
  >
    <div
      className="cwig-card container"
    >
      <div
        className="row"
      >
        <div
          className="col-md-4"
        >
          <label
            className="form-label"
          >
            Order Status
          </label>
          <select
            name="orderStatus"
            onBlur={[Function]}
            onChange={[Function]}
            value=""
          >
            <option
              value={1}
            >
              Pending
            </option>
            <option
              value={2}
            >
              Archived
            </option>
            <option
              value={3}
            >
              Confirmed
            </option>
            <option
              value={4}
            >
              Processed
            </option>
            <option
              value={5}
            >
              Held
            </option>
          </select>
        </div>
        <div
          className="col-md-4"
        >
          <label
            className="form-label"
          >
            Order Type
          </label>
          <select
            name="orderStatus"
            onBlur={[Function]}
            onChange={[Function]}
            value=""
          >
            <option
              value={2}
            >
              Conference
            </option>
            <option
              value={1}
            >
              Customer
            </option>
            <option
              value={3}
            >
              Online
            </option>
            <option
              value={4}
            >
              Pre-Order
            </option>
            <option
              value={5}
            >
              Targeted Mailing
            </option>
          </select>
        </div>
        <div
          className="col-md-4"
        >
          <label
            className="form-label"
          >
            Order ID
          </label>
          <input
            name="orderId"
            onBlur={[Function]}
            onChange={[Function]}
            placeholder="Order ID"
            value=""
          />
        </div>
      </div>
      <div
        className="row"
      >
        <div
          className="col-md-4"
        >
          <label
            className="form-label"
          >
            Customer First Name
          </label>
          <input
            name="customerFirstName"
            onBlur={[Function]}
            onChange={[Function]}
            placeholder="First Name"
            value=""
          />
        </div>
        <div
          className="col-md-4"
        >
          <label
            className="form-label"
          >
            Customer Last Name
          </label>
          <input
            name="customerLastName"
            onBlur={[Function]}
            onChange={[Function]}
            placeholder="Last Name"
            value=""
          />
        </div>
        <div
          className="col-md-4"
        >
          <label
            className="form-label"
          >
            Customer Zip Code
          </label>
          <input
            name="zipCode"
            onBlur={[Function]}
            onChange={[Function]}
            placeholder="Zip Code"
            value=""
          />
        </div>
      </div>
      <div
        className="row"
      >
        <div
          className="col-md-6"
        >
          <label
            className="form-label"
          >
            Date Range
          </label>
          <input
            name="dateFrom"
            onBlur={[Function]}
            onChange={[Function]}
            placeholder="Date From"
            value=""
          />
          <input
            name="dateTo"
            onBlur={[Function]}
            onChange={[Function]}
            placeholder="Date To"
            value=""
          />
        </div>
      </div>
      <div
        className="row"
      >
        <button
          className="btn btn-primary"
          disabled={false}
          type="submit"
        >
          Search
        </button>
      </div>
    </div>
  </form>
  <div
    className="MuiPaper-root MuiTableContainer-root MuiPaper-elevation1 MuiPaper-rounded"
  >
    <table
      aria-label="search customers table"
      className="MuiTable-root"
    >
      <thead
        className="MuiTableHead-root"
      >
        <tr
          className="MuiTableRow-root MuiTableRow-head"
        >
          <th
            aria-sort={null}
            className="MuiTableCell-root MuiTableCell-head"
            scope="col"
          >
            Order ID
          </th>
          <th
            aria-sort={null}
            className="MuiTableCell-root MuiTableCell-head"
            scope="col"
          >
            Order Date
          </th>
          <th
            aria-sort={null}
            className="MuiTableCell-root MuiTableCell-head"
            scope="col"
          >
            Customer
          </th>
          <th
            aria-sort={null}
            className="MuiTableCell-root MuiTableCell-head"
            scope="col"
          >
            Status
          </th>
        </tr>
      </thead>
      <tbody
        className="MuiTableBody-root"
      >
        <tr
          className="MuiTableRow-root"
        >
          <td
            aria-sort={null}
            className="MuiTableCell-root MuiTableCell-body"
          >
            488773
          </td>
          <td
            aria-sort={null}
            className="MuiTableCell-root MuiTableCell-body"
          >
            February, 26 2020 00:00:00
          </td>
          <td
            aria-sort={null}
            className="MuiTableCell-root MuiTableCell-body"
          >
            
             
          </td>
          <td
            aria-sort={null}
            className="MuiTableCell-root MuiTableCell-body"
          >
            Pending
          </td>
        </tr>
        <tr
          className="MuiTableRow-root"
        >
          <td
            aria-sort={null}
            className="MuiTableCell-root MuiTableCell-body"
          >
            488772
          </td>
          <td
            aria-sort={null}
            className="MuiTableCell-root MuiTableCell-body"
          >
            February, 26 2020 00:00:00
          </td>
          <td
            aria-sort={null}
            className="MuiTableCell-root MuiTableCell-body"
          >
            
             
          </td>
          <td
            aria-sort={null}
            className="MuiTableCell-root MuiTableCell-body"
          >
            Pending
          </td>
        </tr>
        <tr
          className="MuiTableRow-root"
        >
          <td
            aria-sort={null}
            className="MuiTableCell-root MuiTableCell-body"
          >
            488771
          </td>
          <td
            aria-sort={null}
            className="MuiTableCell-root MuiTableCell-body"
          >
            February, 26 2020 00:00:00
          </td>
          <td
            aria-sort={null}
            className="MuiTableCell-root MuiTableCell-body"
          >
            Dr. Edwina
             
          </td>
          <td
            aria-sort={null}
            className="MuiTableCell-root MuiTableCell-body"
          >
            Pending
          </td>
        </tr>
        <tr
          className="MuiTableRow-root"
        >
          <td
            aria-sort={null}
            className="MuiTableCell-root MuiTableCell-body"
          >
            488770
          </td>
          <td
            aria-sort={null}
            className="MuiTableCell-root MuiTableCell-body"
          >
            February, 26 2020 00:00:00
          </td>
          <td
            aria-sort={null}
            className="MuiTableCell-root MuiTableCell-body"
          >
            Geraldine
             
          </td>
          <td
            aria-sort={null}
            className="MuiTableCell-root MuiTableCell-body"
          >
            Pending
          </td>
        </tr>
        <tr
          className="MuiTableRow-root"
        >
          <td
            aria-sort={null}
            className="MuiTableCell-root MuiTableCell-body"
          >
            488769
          </td>
          <td
            aria-sort={null}
            className="MuiTableCell-root MuiTableCell-body"
          >
            February, 25 2020 00:00:00
          </td>
          <td
            aria-sort={null}
            className="MuiTableCell-root MuiTableCell-body"
          >
            
             
          </td>
          <td
            aria-sort={null}
            className="MuiTableCell-root MuiTableCell-body"
          >
            Pending
          </td>
        </tr>
        <tr
          className="MuiTableRow-root"
        >
          <td
            aria-sort={null}
            className="MuiTableCell-root MuiTableCell-body"
          >
            488768
          </td>
          <td
            aria-sort={null}
            className="MuiTableCell-root MuiTableCell-body"
          >
            February, 20 2020 00:00:00
          </td>
          <td
            aria-sort={null}
            className="MuiTableCell-root MuiTableCell-body"
          >
            
             
          </td>
          <td
            aria-sort={null}
            className="MuiTableCell-root MuiTableCell-body"
          >
            Pending
          </td>
        </tr>
        <tr
          className="MuiTableRow-root"
        >
          <td
            aria-sort={null}
            className="MuiTableCell-root MuiTableCell-body"
          >
            488767
          </td>
          <td
            aria-sort={null}
            className="MuiTableCell-root MuiTableCell-body"
          >
            February, 17 2020 00:00:00
          </td>
          <td
            aria-sort={null}
            className="MuiTableCell-root MuiTableCell-body"
          >
            Charles
             
          </td>
          <td
            aria-sort={null}
            className="MuiTableCell-root MuiTableCell-body"
          >
            Pending
          </td>
        </tr>
        <tr
          className="MuiTableRow-root"
        >
          <td
            aria-sort={null}
            className="MuiTableCell-root MuiTableCell-body"
          >
            488766
          </td>
          <td
            aria-sort={null}
            className="MuiTableCell-root MuiTableCell-body"
          >
            February, 17 2020 00:00:00
          </td>
          <td
            aria-sort={null}
            className="MuiTableCell-root MuiTableCell-body"
          >
            Grace
             
          </td>
          <td
            aria-sort={null}
            className="MuiTableCell-root MuiTableCell-body"
          >
            Pending
          </td>
        </tr>
        <tr
          className="MuiTableRow-root"
        >
          <td
            aria-sort={null}
            className="MuiTableCell-root MuiTableCell-body"
          >
            488765
          </td>
          <td
            aria-sort={null}
            className="MuiTableCell-root MuiTableCell-body"
          >
            February, 17 2020 00:00:00
          </td>
          <td
            aria-sort={null}
            className="MuiTableCell-root MuiTableCell-body"
          >
            Charlotte
             
          </td>
          <td
            aria-sort={null}
            className="MuiTableCell-root MuiTableCell-body"
          >
            Pending
          </td>
        </tr>
        <tr
          className="MuiTableRow-root"
        >
          <td
            aria-sort={null}
            className="MuiTableCell-root MuiTableCell-body"
          >
            488764
          </td>
          <td
            aria-sort={null}
            className="MuiTableCell-root MuiTableCell-body"
          >
            February, 17 2020 00:00:00
          </td>
          <td
            aria-sort={null}
            className="MuiTableCell-root MuiTableCell-body"
          >
            
             
          </td>
          <td
            aria-sort={null}
            className="MuiTableCell-root MuiTableCell-body"
          >
            Pending
          </td>
        </tr>
        <tr
          className="MuiTableRow-root"
        >
          <td
            aria-sort={null}
            className="MuiTableCell-root MuiTableCell-body"
          >
            488763
          </td>
          <td
            aria-sort={null}
            className="MuiTableCell-root MuiTableCell-body"
          >
            February, 14 2020 00:00:00
          </td>
          <td
            aria-sort={null}
            className="MuiTableCell-root MuiTableCell-body"
          >
            Jocelyn
             
          </td>
          <td
            aria-sort={null}
            className="MuiTableCell-root MuiTableCell-body"
          >
            Pending
          </td>
        </tr>
        <tr
          className="MuiTableRow-root"
        >
          <td
            aria-sort={null}
            className="MuiTableCell-root MuiTableCell-body"
          >
            488762
          </td>
          <td
            aria-sort={null}
            className="MuiTableCell-root MuiTableCell-body"
          >
            February, 14 2020 00:00:00
          </td>
          <td
            aria-sort={null}
            className="MuiTableCell-root MuiTableCell-body"
          >
            Mickey
             
          </td>
          <td
            aria-sort={null}
            className="MuiTableCell-root MuiTableCell-body"
          >
            Pending
          </td>
        </tr>
        <tr
          className="MuiTableRow-root"
        >
          <td
            aria-sort={null}
            className="MuiTableCell-root MuiTableCell-body"
          >
            488761
          </td>
          <td
            aria-sort={null}
            className="MuiTableCell-root MuiTableCell-body"
          >
            February, 13 2020 00:00:00
          </td>
          <td
            aria-sort={null}
            className="MuiTableCell-root MuiTableCell-body"
          >
            
             
          </td>
          <td
            aria-sort={null}
            className="MuiTableCell-root MuiTableCell-body"
          >
            Pending
          </td>
        </tr>
        <tr
          className="MuiTableRow-root"
        >
          <td
            aria-sort={null}
            className="MuiTableCell-root MuiTableCell-body"
          >
            488760
          </td>
          <td
            aria-sort={null}
            className="MuiTableCell-root MuiTableCell-body"
          >
            February, 13 2020 00:00:00
          </td>
          <td
            aria-sort={null}
            className="MuiTableCell-root MuiTableCell-body"
          >
            Marilena
             
          </td>
          <td
            aria-sort={null}
            className="MuiTableCell-root MuiTableCell-body"
          >
            Pending
          </td>
        </tr>
        <tr
          className="MuiTableRow-root"
        >
          <td
            aria-sort={null}
            className="MuiTableCell-root MuiTableCell-body"
          >
            488759
          </td>
          <td
            aria-sort={null}
            className="MuiTableCell-root MuiTableCell-body"
          >
            February, 13 2020 00:00:00
          </td>
          <td
            aria-sort={null}
            className="MuiTableCell-root MuiTableCell-body"
          >
            Alice
             
          </td>
          <td
            aria-sort={null}
            className="MuiTableCell-root MuiTableCell-body"
          >
            Pending
          </td>
        </tr>
        <tr
          className="MuiTableRow-root"
        >
          <td
            aria-sort={null}
            className="MuiTableCell-root MuiTableCell-body"
          >
            488758
          </td>
          <td
            aria-sort={null}
            className="MuiTableCell-root MuiTableCell-body"
          >
            February, 12 2020 00:00:00
          </td>
          <td
            aria-sort={null}
            className="MuiTableCell-root MuiTableCell-body"
          >
            
             
          </td>
          <td
            aria-sort={null}
            className="MuiTableCell-root MuiTableCell-body"
          >
            Pending
          </td>
        </tr>
        <tr
          className="MuiTableRow-root"
        >
          <td
            aria-sort={null}
            className="MuiTableCell-root MuiTableCell-body"
          >
            488757
          </td>
          <td
            aria-sort={null}
            className="MuiTableCell-root MuiTableCell-body"
          >
            February, 10 2020 00:00:00
          </td>
          <td
            aria-sort={null}
            className="MuiTableCell-root MuiTableCell-body"
          >
            Geraldine
             
          </td>
          <td
            aria-sort={null}
            className="MuiTableCell-root MuiTableCell-body"
          >
            Pending
          </td>
        </tr>
        <tr
          className="MuiTableRow-root"
        >
          <td
            aria-sort={null}
            className="MuiTableCell-root MuiTableCell-body"
          >
            488756
          </td>
          <td
            aria-sort={null}
            className="MuiTableCell-root MuiTableCell-body"
          >
            February, 10 2020 00:00:00
          </td>
          <td
            aria-sort={null}
            className="MuiTableCell-root MuiTableCell-body"
          >
            Belle
             
          </td>
          <td
            aria-sort={null}
            className="MuiTableCell-root MuiTableCell-body"
          >
            Pending
          </td>
        </tr>
        <tr
          className="MuiTableRow-root"
        >
          <td
            aria-sort={null}
            className="MuiTableCell-root MuiTableCell-body"
          >
            488755
          </td>
          <td
            aria-sort={null}
            className="MuiTableCell-root MuiTableCell-body"
          >
            February, 10 2020 00:00:00
          </td>
          <td
            aria-sort={null}
            className="MuiTableCell-root MuiTableCell-body"
          >
            Crystal
             
          </td>
          <td
            aria-sort={null}
            className="MuiTableCell-root MuiTableCell-body"
          >
            Pending
          </td>
        </tr>
        <tr
          className="MuiTableRow-root"
        >
          <td
            aria-sort={null}
            className="MuiTableCell-root MuiTableCell-body"
          >
            488754
          </td>
          <td
            aria-sort={null}
            className="MuiTableCell-root MuiTableCell-body"
          >
            February, 10 2020 00:00:00
          </td>
          <td
            aria-sort={null}
            className="MuiTableCell-root MuiTableCell-body"
          >
            
             
          </td>
          <td
            aria-sort={null}
            className="MuiTableCell-root MuiTableCell-body"
          >
            Pending
          </td>
        </tr>
        <tr
          className="MuiTableRow-root"
        >
          <td
            aria-sort={null}
            className="MuiTableCell-root MuiTableCell-body"
          >
            488753
          </td>
          <td
            aria-sort={null}
            className="MuiTableCell-root MuiTableCell-body"
          >
            February, 06 2020 00:00:00
          </td>
          <td
            aria-sort={null}
            className="MuiTableCell-root MuiTableCell-body"
          >
            Bob
             
          </td>
          <td
            aria-sort={null}
            className="MuiTableCell-root MuiTableCell-body"
          >
            Pending
          </td>
        </tr>
        <tr
          className="MuiTableRow-root"
        >
          <td
            aria-sort={null}
            className="MuiTableCell-root MuiTableCell-body"
          >
            488752
          </td>
          <td
            aria-sort={null}
            className="MuiTableCell-root MuiTableCell-body"
          >
            February, 06 2020 11:59:33
          </td>
          <td
            aria-sort={null}
            className="MuiTableCell-root MuiTableCell-body"
          >
            
             
          </td>
          <td
            aria-sort={null}
            className="MuiTableCell-root MuiTableCell-body"
          >
            Pending
          </td>
        </tr>
        <tr
          className="MuiTableRow-root"
        >
          <td
            aria-sort={null}
            className="MuiTableCell-root MuiTableCell-body"
          >
            488751
          </td>
          <td
            aria-sort={null}
            className="MuiTableCell-root MuiTableCell-body"
          >
            February, 06 2020 09:30:14
          </td>
          <td
            aria-sort={null}
            className="MuiTableCell-root MuiTableCell-body"
          >
            
             
          </td>
          <td
            aria-sort={null}
            className="MuiTableCell-root MuiTableCell-body"
          >
            Pending
          </td>
        </tr>
        <tr
          className="MuiTableRow-root"
        >
          <td
            aria-sort={null}
            className="MuiTableCell-root MuiTableCell-body"
          >
            488750
          </td>
          <td
            aria-sort={null}
            className="MuiTableCell-root MuiTableCell-body"
          >
            February, 06 2020 09:30:12
          </td>
          <td
            aria-sort={null}
            className="MuiTableCell-root MuiTableCell-body"
          >
            
             
          </td>
          <td
            aria-sort={null}
            className="MuiTableCell-root MuiTableCell-body"
          >
            Pending
          </td>
        </tr>
        <tr
          className="MuiTableRow-root"
        >
          <td
            aria-sort={null}
            className="MuiTableCell-root MuiTableCell-body"
          >
            488749
          </td>
          <td
            aria-sort={null}
            className="MuiTableCell-root MuiTableCell-body"
          >
            February, 06 2020 08:53:39
          </td>
          <td
            aria-sort={null}
            className="MuiTableCell-root MuiTableCell-body"
          >
            
             
          </td>
          <td
            aria-sort={null}
            className="MuiTableCell-root MuiTableCell-body"
          >
            Pending
          </td>
        </tr>
        <tr
          className="MuiTableRow-root"
        >
          <td
            aria-sort={null}
            className="MuiTableCell-root MuiTableCell-body"
          >
            488748
          </td>
          <td
            aria-sort={null}
            className="MuiTableCell-root MuiTableCell-body"
          >
            February, 06 2020 08:52:08
          </td>
          <td
            aria-sort={null}
            className="MuiTableCell-root MuiTableCell-body"
          >
            
             
          </td>
          <td
            aria-sort={null}
            className="MuiTableCell-root MuiTableCell-body"
          >
            Pending
          </td>
        </tr>
        <tr
          className="MuiTableRow-root"
        >
          <td
            aria-sort={null}
            className="MuiTableCell-root MuiTableCell-body"
          >
            488747
          </td>
          <td
            aria-sort={null}
            className="MuiTableCell-root MuiTableCell-body"
          >
            February, 06 2020 03:11:20
          </td>
          <td
            aria-sort={null}
            className="MuiTableCell-root MuiTableCell-body"
          >
            
             
          </td>
          <td
            aria-sort={null}
            className="MuiTableCell-root MuiTableCell-body"
          >
            Pending
          </td>
        </tr>
        <tr
          className="MuiTableRow-root"
        >
          <td
            aria-sort={null}
            className="MuiTableCell-root MuiTableCell-body"
          >
            488746
          </td>
          <td
            aria-sort={null}
            className="MuiTableCell-root MuiTableCell-body"
          >
            February, 06 2020 03:11:17
          </td>
          <td
            aria-sort={null}
            className="MuiTableCell-root MuiTableCell-body"
          >
            
             
          </td>
          <td
            aria-sort={null}
            className="MuiTableCell-root MuiTableCell-body"
          >
            Pending
          </td>
        </tr>
        <tr
          className="MuiTableRow-root"
        >
          <td
            aria-sort={null}
            className="MuiTableCell-root MuiTableCell-body"
          >
            488745
          </td>
          <td
            aria-sort={null}
            className="MuiTableCell-root MuiTableCell-body"
          >
            February, 06 2020 02:47:40
          </td>
          <td
            aria-sort={null}
            className="MuiTableCell-root MuiTableCell-body"
          >
            
             
          </td>
          <td
            aria-sort={null}
            className="MuiTableCell-root MuiTableCell-body"
          >
            Pending
          </td>
        </tr>
        <tr
          className="MuiTableRow-root"
        >
          <td
            aria-sort={null}
            className="MuiTableCell-root MuiTableCell-body"
          >
            488744
          </td>
          <td
            aria-sort={null}
            className="MuiTableCell-root MuiTableCell-body"
          >
            February, 06 2020 02:47:39
          </td>
          <td
            aria-sort={null}
            className="MuiTableCell-root MuiTableCell-body"
          >
            
             
          </td>
          <td
            aria-sort={null}
            className="MuiTableCell-root MuiTableCell-body"
          >
            Pending
          </td>
        </tr>
        <tr
          className="MuiTableRow-root"
        >
          <td
            aria-sort={null}
            className="MuiTableCell-root MuiTableCell-body"
          >
            488743
          </td>
          <td
            aria-sort={null}
            className="MuiTableCell-root MuiTableCell-body"
          >
            February, 06 2020 00:53:06
          </td>
          <td
            aria-sort={null}
            className="MuiTableCell-root MuiTableCell-body"
          >
            
             
          </td>
          <td
            aria-sort={null}
            className="MuiTableCell-root MuiTableCell-body"
          >
            Pending
          </td>
        </tr>
        <tr
          className="MuiTableRow-root"
        >
          <td
            aria-sort={null}
            className="MuiTableCell-root MuiTableCell-body"
          >
            488742
          </td>
          <td
            aria-sort={null}
            className="MuiTableCell-root MuiTableCell-body"
          >
            February, 06 2020 00:22:25
          </td>
          <td
            aria-sort={null}
            className="MuiTableCell-root MuiTableCell-body"
          >
            
             
          </td>
          <td
            aria-sort={null}
            className="MuiTableCell-root MuiTableCell-body"
          >
            Pending
          </td>
        </tr>
        <tr
          className="MuiTableRow-root"
        >
          <td
            aria-sort={null}
            className="MuiTableCell-root MuiTableCell-body"
          >
            488741
          </td>
          <td
            aria-sort={null}
            className="MuiTableCell-root MuiTableCell-body"
          >
            February, 05 2020 22:37:41
          </td>
          <td
            aria-sort={null}
            className="MuiTableCell-root MuiTableCell-body"
          >
            
             
          </td>
          <td
            aria-sort={null}
            className="MuiTableCell-root MuiTableCell-body"
          >
            Pending
          </td>
        </tr>
        <tr
          className="MuiTableRow-root"
        >
          <td
            aria-sort={null}
            className="MuiTableCell-root MuiTableCell-body"
          >
            488740
          </td>
          <td
            aria-sort={null}
            className="MuiTableCell-root MuiTableCell-body"
          >
            February, 05 2020 23:10:53
          </td>
          <td
            aria-sort={null}
            className="MuiTableCell-root MuiTableCell-body"
          >
            
             
          </td>
          <td
            aria-sort={null}
            className="MuiTableCell-root MuiTableCell-body"
          >
            Pending
          </td>
        </tr>
        <tr
          className="MuiTableRow-root"
        >
          <td
            aria-sort={null}
            className="MuiTableCell-root MuiTableCell-body"
          >
            488739
          </td>
          <td
            aria-sort={null}
            className="MuiTableCell-root MuiTableCell-body"
          >
            February, 05 2020 20:58:31
          </td>
          <td
            aria-sort={null}
            className="MuiTableCell-root MuiTableCell-body"
          >
            
             
          </td>
          <td
            aria-sort={null}
            className="MuiTableCell-root MuiTableCell-body"
          >
            Pending
          </td>
        </tr>
        <tr
          className="MuiTableRow-root"
        >
          <td
            aria-sort={null}
            className="MuiTableCell-root MuiTableCell-body"
          >
            488738
          </td>
          <td
            aria-sort={null}
            className="MuiTableCell-root MuiTableCell-body"
          >
            February, 05 2020 18:53:56
          </td>
          <td
            aria-sort={null}
            className="MuiTableCell-root MuiTableCell-body"
          >
            
             
          </td>
          <td
            aria-sort={null}
            className="MuiTableCell-root MuiTableCell-body"
          >
            Pending
          </td>
        </tr>
        <tr
          className="MuiTableRow-root"
        >
          <td
            aria-sort={null}
            className="MuiTableCell-root MuiTableCell-body"
          >
            488737
          </td>
          <td
            aria-sort={null}
            className="MuiTableCell-root MuiTableCell-body"
          >
            February, 05 2020 18:53:54
          </td>
          <td
            aria-sort={null}
            className="MuiTableCell-root MuiTableCell-body"
          >
            
             
          </td>
          <td
            aria-sort={null}
            className="MuiTableCell-root MuiTableCell-body"
          >
            Pending
          </td>
        </tr>
        <tr
          className="MuiTableRow-root"
        >
          <td
            aria-sort={null}
            className="MuiTableCell-root MuiTableCell-body"
          >
            488736
          </td>
          <td
            aria-sort={null}
            className="MuiTableCell-root MuiTableCell-body"
          >
            February, 05 2020 18:53:50
          </td>
          <td
            aria-sort={null}
            className="MuiTableCell-root MuiTableCell-body"
          >
            
             
          </td>
          <td
            aria-sort={null}
            className="MuiTableCell-root MuiTableCell-body"
          >
            Pending
          </td>
        </tr>
        <tr
          className="MuiTableRow-root"
        >
          <td
            aria-sort={null}
            className="MuiTableCell-root MuiTableCell-body"
          >
            488735
          </td>
          <td
            aria-sort={null}
            className="MuiTableCell-root MuiTableCell-body"
          >
            February, 05 2020 18:53:48
          </td>
          <td
            aria-sort={null}
            className="MuiTableCell-root MuiTableCell-body"
          >
            
             
          </td>
          <td
            aria-sort={null}
            className="MuiTableCell-root MuiTableCell-body"
          >
            Pending
          </td>
        </tr>
        <tr
          className="MuiTableRow-root"
        >
          <td
            aria-sort={null}
            className="MuiTableCell-root MuiTableCell-body"
          >
            488734
          </td>
          <td
            aria-sort={null}
            className="MuiTableCell-root MuiTableCell-body"
          >
            February, 05 2020 18:31:24
          </td>
          <td
            aria-sort={null}
            className="MuiTableCell-root MuiTableCell-body"
          >
            
             
          </td>
          <td
            aria-sort={null}
            className="MuiTableCell-root MuiTableCell-body"
          >
            Pending
          </td>
        </tr>
        <tr
          className="MuiTableRow-root"
        >
          <td
            aria-sort={null}
            className="MuiTableCell-root MuiTableCell-body"
          >
            488733
          </td>
          <td
            aria-sort={null}
            className="MuiTableCell-root MuiTableCell-body"
          >
            February, 05 2020 18:28:19
          </td>
          <td
            aria-sort={null}
            className="MuiTableCell-root MuiTableCell-body"
          >
            
             
          </td>
          <td
            aria-sort={null}
            className="MuiTableCell-root MuiTableCell-body"
          >
            Pending
          </td>
        </tr>
        <tr
          className="MuiTableRow-root"
        >
          <td
            aria-sort={null}
            className="MuiTableCell-root MuiTableCell-body"
          >
            488732
          </td>
          <td
            aria-sort={null}
            className="MuiTableCell-root MuiTableCell-body"
          >
            February, 05 2020 18:28:17
          </td>
          <td
            aria-sort={null}
            className="MuiTableCell-root MuiTableCell-body"
          >
            
             
          </td>
          <td
            aria-sort={null}
            className="MuiTableCell-root MuiTableCell-body"
          >
            Pending
          </td>
        </tr>
        <tr
          className="MuiTableRow-root"
        >
          <td
            aria-sort={null}
            className="MuiTableCell-root MuiTableCell-body"
          >
            488731
          </td>
          <td
            aria-sort={null}
            className="MuiTableCell-root MuiTableCell-body"
          >
            February, 05 2020 18:14:23
          </td>
          <td
            aria-sort={null}
            className="MuiTableCell-root MuiTableCell-body"
          >
            Slvdefhwr
             
          </td>
          <td
            aria-sort={null}
            className="MuiTableCell-root MuiTableCell-body"
          >
            Processed
          </td>
        </tr>
        <tr
          className="MuiTableRow-root"
        >
          <td
            aria-sort={null}
            className="MuiTableCell-root MuiTableCell-body"
          >
            488730
          </td>
          <td
            aria-sort={null}
            className="MuiTableCell-root MuiTableCell-body"
          >
            February, 05 2020 17:38:57
          </td>
          <td
            aria-sort={null}
            className="MuiTableCell-root MuiTableCell-body"
          >
            
             
          </td>
          <td
            aria-sort={null}
            className="MuiTableCell-root MuiTableCell-body"
          >
            Pending
          </td>
        </tr>
        <tr
          className="MuiTableRow-root"
        >
          <td
            aria-sort={null}
            className="MuiTableCell-root MuiTableCell-body"
          >
            488729
          </td>
          <td
            aria-sort={null}
            className="MuiTableCell-root MuiTableCell-body"
          >
            February, 05 2020 17:38:55
          </td>
          <td
            aria-sort={null}
            className="MuiTableCell-root MuiTableCell-body"
          >
            
             
          </td>
          <td
            aria-sort={null}
            className="MuiTableCell-root MuiTableCell-body"
          >
            Pending
          </td>
        </tr>
        <tr
          className="MuiTableRow-root"
        >
          <td
            aria-sort={null}
            className="MuiTableCell-root MuiTableCell-body"
          >
            488728
          </td>
          <td
            aria-sort={null}
            className="MuiTableCell-root MuiTableCell-body"
          >
            February, 05 2020 17:33:39
          </td>
          <td
            aria-sort={null}
            className="MuiTableCell-root MuiTableCell-body"
          >
            
             
          </td>
          <td
            aria-sort={null}
            className="MuiTableCell-root MuiTableCell-body"
          >
            Pending
          </td>
        </tr>
        <tr
          className="MuiTableRow-root"
        >
          <td
            aria-sort={null}
            className="MuiTableCell-root MuiTableCell-body"
          >
            488727
          </td>
          <td
            aria-sort={null}
            className="MuiTableCell-root MuiTableCell-body"
          >
            February, 05 2020 17:33:37
          </td>
          <td
            aria-sort={null}
            className="MuiTableCell-root MuiTableCell-body"
          >
            
             
          </td>
          <td
            aria-sort={null}
            className="MuiTableCell-root MuiTableCell-body"
          >
            Pending
          </td>
        </tr>
        <tr
          className="MuiTableRow-root"
        >
          <td
            aria-sort={null}
            className="MuiTableCell-root MuiTableCell-body"
          >
            488726
          </td>
          <td
            aria-sort={null}
            className="MuiTableCell-root MuiTableCell-body"
          >
            February, 05 2020 16:44:27
          </td>
          <td
            aria-sort={null}
            className="MuiTableCell-root MuiTableCell-body"
          >
            
             
          </td>
          <td
            aria-sort={null}
            className="MuiTableCell-root MuiTableCell-body"
          >
            Pending
          </td>
        </tr>
        <tr
          className="MuiTableRow-root"
        >
          <td
            aria-sort={null}
            className="MuiTableCell-root MuiTableCell-body"
          >
            488725
          </td>
          <td
            aria-sort={null}
            className="MuiTableCell-root MuiTableCell-body"
          >
            February, 05 2020 16:44:22
          </td>
          <td
            aria-sort={null}
            className="MuiTableCell-root MuiTableCell-body"
          >
            
             
          </td>
          <td
            aria-sort={null}
            className="MuiTableCell-root MuiTableCell-body"
          >
            Pending
          </td>
        </tr>
        <tr
          className="MuiTableRow-root"
        >
          <td
            aria-sort={null}
            className="MuiTableCell-root MuiTableCell-body"
          >
            488724
          </td>
          <td
            aria-sort={null}
            className="MuiTableCell-root MuiTableCell-body"
          >
            February, 05 2020 16:40:18
          </td>
          <td
            aria-sort={null}
            className="MuiTableCell-root MuiTableCell-body"
          >
            
             
          </td>
          <td
            aria-sort={null}
            className="MuiTableCell-root MuiTableCell-body"
          >
            Pending
          </td>
        </tr>
      </tbody>
    </table>
  </div>
</div>
`;
